[index-2.html]
[backblue.gif]
[fade.gif]
[index.html]
[assets/og/og_1200x630.png]
[assets/app/favicon-32.png]
[assets/app/favicon-16.png]
[assets/app/apple-touch-icon.png]
[js/boot0-53cd6be8.js]
[assets/atlas_pages.json]
[assets/atlas_boot.json]
[assets/atlas_boot.png]
[assets/fnt_main.png]
[assets/fnt_mainbig.png]
[assets/data.json]
[app-ad408b54.css]
[js/boot1-fcf95d59.js]
[js/c-5BCDFIL2.js]
[js/c-AZGJCTVJ.js]
[js/c-OTUFOAVE.js]
[js/c-3DQM4KFS.js]
[js/c-AY6DGTSJ.js]
[js/c-WXDOBMOO.js]
[js/c-ZYSHF3CW.js]
[js/c-3FOCJP4J.js]
[js/c-54AK4JBV.js]
[js/c-E5DAM3X6.js]
[js/c-575B5NOM.js]
[js/c-F6VB7A5X.js]
[js/c-MKGQV347.js]
[js/c-N54I4AZM.js]
[js/c-QMKMLBRQ.js]
[js/c-63SG25LU.js]
[js/c-S2HNMNTM.js]
[js/c-22CJDOMX.js]
[js/c-UCIMPVAW.js]
[js/c-N5EF6E6B.js]
[js/c-URDLRHER.js]
[js/c-EQPPG7DG.js]
[js/c-CAQNB3AJ.js]
[js/c-JJBOWTNG.js]
[js/c-GI6TC2JE.js]
[js/c-75DDT7YO.js]
[js/c-NBBVX3O5.js]
[js/c-DIR5DEFM.js]
[js/c-EHA7UFHN.js]
[js/c-E6U2GFP6.js]
[js/c-U3DVO5GG.js]
[js/c-ZVJTLE2R.js]
[js/c-D4HFVPKJ.js]
[js/c-YFTFVAQ5.js]
[js/c-LNTCYS3K.js]
[js/c-OBU5WBJP.js]
[js/c-ZAJPQGFV.js]
[js/c-32JOHSZL.js]
[js/c-4QVOMZ6E.js]
[js/c-A5MNBXUQ.js]
[js/c-HLZTVVDP.js]
[js/c-RRVCNUQA.js]
[js/c-6B7KWLKY.js]
[js/c-5LSAMXKV.js]
[js/c-CPC2KJ7Z.js]
[js/c-DUERQOKS.js]
[js/c-ZTQRXJOL.js]
[js/c-W6RK6EER.js]
[js/c-KZL4ZUAX.js]
[js/c-HN2M6UTZ.js]
[js/c-JX5FFCNB.js]
[js/c-NS2MX7SB.js]
[js/c-ILVSMYBA.js]
[js/c-J3GJ6374.js]
[js/c-OK5KDVJX.js]
[js/c-56G6ZG64.js]
[js/c-PJ7X6L6T.js]
[js/c-FMDQSCON.js]
[js/boot2-09995731.js]
[js/c-IIHH5YZQ.js]
[cdn-cgi/challenge-platform/h/b/scripts/jsd/d76008a69eab/maind41d.js]
[index-2.html]
[app-ad408b54.css]
